******************************************************************************
                  TI ARM Linker PC v15.12.1                    
******************************************************************************
>> Linked Wed Jan 25 21:28:48 2017

OUTPUT FILE NAME:   <helloworld.out>
ENTRY POINT SYMBOL: "_c_int00"  address: 00002341


MEMORY CONFIGURATION

         name            origin    length      used     unused   attr    fill
----------------------  --------  ---------  --------  --------  ----  --------
  FLASH                 00000000   00040000  00002799  0003d867  R  X
  SRAM                  20000000   00008000  00000870  00007790  RW X


SEGMENT ALLOCATION MAP

run origin  load origin   length   init length attrs members
----------  ----------- ---------- ----------- ----- -------
00000000    00000000    0000279c   0000279c    r-x
  00000000    00000000    0000026c   0000026c    r-- .intvecs
  0000026c    0000026c    00002390   00002390    r-x .text
  000025fc    000025fc    00000161   00000161    r-- .const
  00002760    00002760    0000003c   0000003c    r-- .cinit
20000000    20000000    00000870   00000000    rw-
  20000000    20000000    00000800   00000000    rw- .stack
  20000800    20000800    00000054   00000000    rw- .bss
  20000854    20000854    0000001c   00000000    rw- .data


SECTION ALLOCATION MAP

 output                                  attributes/
section   page    origin      length       input sections
--------  ----  ----------  ----------   ----------------
.intvecs   0    00000000    0000026c     
                  00000000    0000026c     tm4c123gh6pm_startup_ccs.obj (.intvecs)

.text      0    0000026c    00002390     
                  0000026c    00001110     rtsv7M4_T_le_v4SPD16_eabi.lib : _printfi.obj (.text)
                  0000137c    000002ec     lcd.obj (.text)
                  00001668    000001f4     rtsv7M4_T_le_v4SPD16_eabi.lib : ull_div_t2.obj (.text)
                  0000185c    000001b6                                   : fd_add_t2.obj (.text)
                  00001a12    00000002                                   : mpu_init.obj (.text)
                  00001a14    00000158     timer.obj (.text)
                  00001b6c    00000136     rtsv7M4_T_le_v4SPD16_eabi.lib : fd_div_t2.obj (.text)
                  00001ca2    000000fc                                   : fd_mul_t2.obj (.text)
                  00001d9e    00000002                                   : startup.obj (.text)
                  00001da0    000000fc                                   : s_scalbn.obj (.text)
                  00001e9c    0000009c                                   : memcpy_t2.obj (.text)
                  00001f38    00000088                                   : vsnprintf.obj (.text)
                  00001fc0    00000086                                   : fd_cmp_t2.obj (.text:__aeabi_cdcmple)
                  00002046    00000086                                   : fd_cmp_t2.obj (.text:__aeabi_cdrcmple)
                  000020cc    0000007a                                   : memset_t2.obj (.text)
                  00002146    00000002     --HOLE-- [fill = 0]
                  00002148    00000070                                   : autoinit.obj (.text)
                  000021b8    0000006a                                   : copy_decompress_rle.obj (.text)
                  00002222    00000002     --HOLE-- [fill = 0]
                  00002224    00000064                                   : s_frexp.obj (.text)
                  00002288    00000060     helloworld.obj (.text)
                  000022e8    00000056     rtsv7M4_T_le_v4SPD16_eabi.lib : ltoa.obj (.text)
                  0000233e    00000002     --HOLE-- [fill = 0]
                  00002340    00000054                                   : boot.obj (.text)
                  00002394    00000054                                   : exit.obj (.text)
                  000023e8    0000004c                                   : atoi.obj (.text)
                  00002434    0000004c                                   : cpy_tbl.obj (.text)
                  00002480    00000048                                   : fd_toi_t2.obj (.text)
                  000024c8    0000002e                                   : i_tofd_t2.obj (.text)
                  000024f6    0000001e                                   : strcat.obj (.text)
                  00002514    0000001c                                   : memccpy.obj (.text)
                  00002530    00000018                                   : args_main.obj (.text)
                  00002548    00000018                                   : strcmp.obj (.text)
                  00002560    00000016                                   : strchr.obj (.text)
                  00002576    00000002     --HOLE-- [fill = 0]
                  00002578    00000014                                   : _lock.obj (.text)
                  0000258c    00000014                                   : s_copysign.obj (.text)
                  000025a0    00000014                                   : strcpy.obj (.text)
                  000025b4    00000014                                   : strlen.obj (.text)
                  000025c8    00000010     lcd.obj (.text:lcd_clear)
                  000025d8    0000000e     rtsv7M4_T_le_v4SPD16_eabi.lib : copy_decompress_none.obj (.text:decompress:none)
                  000025e6    0000000c     tm4c123gh6pm_startup_ccs.obj (.text)
                  000025f2    00000006     rtsv7M4_T_le_v4SPD16_eabi.lib : copy_decompress_rle.obj (.text:decompress:rle24)
                  000025f8    00000004                                   : pre_init.obj (.text)

.const     0    000025fc    00000161     
                  000025fc    00000101     rtsv7M4_T_le_v4SPD16_eabi.lib : ctype.obj (.const:.string:_ctypes_)
                  000026fd    00000050     helloworld.obj (.const:.string:$P$T0$1)
                  0000274d    00000008     helloworld.obj (.const:.string:$P$T1$2)
                  00002755    00000004     lcd.obj (.const:.string:lineAddress$1)
                  00002759    00000004     lcd.obj (.const:.string:lineAddresses$2)

.cinit     0    00002760    0000003c     
                  00002760    00000016     (.cinit..data.load) [load image, compression = rle]
                  00002776    00000002     --HOLE-- [fill = 0]
                  00002778    00000009     (.cinit..bss.load) [load image, compression = rle]
                  00002781    00000003     --HOLE-- [fill = 0]
                  00002784    00000008     (__TI_handler_table)
                  0000278c    00000010     (__TI_cinit_table)

.init_array 
*          0    00000000    00000000     UNINITIALIZED

.stack     0    20000000    00000800     UNINITIALIZED
                  20000000    00000800     --HOLE--

.bss       0    20000800    00000054     UNINITIALIZED
                  20000800    00000054     lcd.obj (.bss:lastbuffer$3)

.data      0    20000854    0000001c     UNINITIALIZED
                  20000854    0000000c     rtsv7M4_T_le_v4SPD16_eabi.lib : exit.obj (.data:$O1$$)
                  20000860    00000008                                   : _lock.obj (.data:$O1$$)
                  20000868    00000004                                   : errno.obj (.data)
                  2000086c    00000004                                   : stkdepth_vars.obj (.data)

MODULE SUMMARY

       Module                         code   ro data   rw data
       ------                         ----   -------   -------
    .\
       lcd.obj                        764    8         84     
       tm4c123gh6pm_startup_ccs.obj   12     620       0      
       timer.obj                      344    0         0      
       helloworld.obj                 96     88        0      
    +--+------------------------------+------+---------+---------+
       Total:                         1216   716       84     
                                                              
    C:\ti\ccsv6\tools\compiler\ti-cgt-arm_15.12.1.LTS\lib\rtsv7M4_T_le_v4SPD16_eabi.lib
       _printfi.obj                   4368   0         0      
       ull_div_t2.obj                 500    0         0      
       fd_add_t2.obj                  438    0         0      
       fd_div_t2.obj                  310    0         0      
       fd_cmp_t2.obj                  268    0         0      
       ctype.obj                      0      257       0      
       fd_mul_t2.obj                  252    0         0      
       s_scalbn.obj                   252    0         0      
       memcpy_t2.obj                  156    0         0      
       vsnprintf.obj                  136    0         0      
       memset_t2.obj                  122    0         0      
       autoinit.obj                   112    0         0      
       copy_decompress_rle.obj        112    0         0      
       s_frexp.obj                    100    0         0      
       exit.obj                       84     0         12     
       ltoa.obj                       86     0         0      
       boot.obj                       84     0         0      
       atoi.obj                       76     0         0      
       cpy_tbl.obj                    76     0         0      
       fd_toi_t2.obj                  72     0         0      
       i_tofd_t2.obj                  46     0         0      
       strcat.obj                     30     0         0      
       _lock.obj                      20     0         8      
       memccpy.obj                    28     0         0      
       args_main.obj                  24     0         0      
       strcmp.obj                     24     0         0      
       strchr.obj                     22     0         0      
       s_copysign.obj                 20     0         0      
       strcpy.obj                     20     0         0      
       strlen.obj                     20     0         0      
       copy_decompress_none.obj       14     0         0      
       errno.obj                      0      0         4      
       pre_init.obj                   4      0         0      
       stkdepth_vars.obj              0      0         4      
       mpu_init.obj                   2      0         0      
       startup.obj                    2      0         0      
    +--+------------------------------+------+---------+---------+
       Total:                         7880   257       28     
                                                              
       Stack:                         0      0         2048   
       Linker Generated:              0      55        0      
    +--+------------------------------+------+---------+---------+
       Grand Total:                   9096   1028      2160   


LINKER GENERATED COPY TABLES

__TI_cinit_table @ 0000278c records: 2, size/record: 8, table size: 16
	.data: load addr=00002760, load size=00000016 bytes, run addr=20000854, run size=0000001c bytes, compression=rle
	.bss: load addr=00002778, load size=00000009 bytes, run addr=20000800, run size=00000054 bytes, compression=rle


LINKER GENERATED HANDLER TABLE

__TI_handler_table @ 00002784 records: 2, size/record: 4, table size: 8
	index: 0, handler: __TI_decompress_rle24
	index: 1, handler: __TI_decompress_none


GLOBAL SYMBOLS: SORTED ALPHABETICALLY BY Name 

address   name                           
-------   ----                           
00002395  C$$EXIT                        
000025e7  ResetISR                       
UNDEFED   SHT$$INIT_ARRAY$$Base          
UNDEFED   SHT$$INIT_ARRAY$$Limit         
20000800  __STACK_END                    
00000800  __STACK_SIZE                   
20000200  __STACK_TOP                    
0000278c  __TI_CINIT_Base                
0000279c  __TI_CINIT_Limit               
00002784  __TI_Handler_Table_Base        
0000278c  __TI_Handler_Table_Limit       
00002149  __TI_auto_init                 
20000854  __TI_cleanup_ptr               
000025d9  __TI_decompress_none           
000025f3  __TI_decompress_rle24          
20000858  __TI_dtors_ptr                 
2000085c  __TI_enable_exit_profile_output
ffffffff  __TI_pprof_out_hndl            
00001077  __TI_printfi                   
ffffffff  __TI_prof_data_size            
ffffffff  __TI_prof_data_start           
00000000  __TI_static_base__             
00001fc1  __aeabi_cdcmpeq                
00001fc1  __aeabi_cdcmple                
00002047  __aeabi_cdrcmple               
00002481  __aeabi_d2iz                   
00001867  __aeabi_dadd                   
00001b6d  __aeabi_ddiv                   
00001ca3  __aeabi_dmul                   
0000185d  __aeabi_dsub                   
000024c9  __aeabi_i2d                    
000020cd  __aeabi_memclr                 
000020cd  __aeabi_memclr4                
000020cd  __aeabi_memclr8                
00001e9d  __aeabi_memcpy                 
00001e9d  __aeabi_memcpy4                
00001e9d  __aeabi_memcpy8                
000020cf  __aeabi_memset                 
000020cf  __aeabi_memset4                
000020cf  __aeabi_memset8                
00001669  __aeabi_uldivmod               
ffffffff  __binit__                      
ffffffff  __c_args__                     
00001a13  __mpu_init                     
20000000  __stack                        
00002531  _args_main                     
00002341  _c_int00                       
000025fc  _ctypes_                       
20000860  _lock                          
00002587  _nop                           
0000257f  _register_lock                 
00002579  _register_unlock               
00001d9f  _system_post_cinit             
000025f9  _system_pre_init               
20000864  _unlock                        
00002399  abort                          
000023e9  atoi                           
ffffffff  binit                          
00002435  copy_in                        
0000258d  copysign                       
0000258d  copysignl                      
20000868  errno                          
000023a1  exit                           
00002225  frexp                          
00002225  frexpl                         
00000000  g_pfnVectors                   
000025c9  lcd_clear                      
00001515  lcd_gotoLine                   
0000137d  lcd_init                       
0000157b  lcd_printf                     
0000143d  lcd_putc                       
00001475  lcd_puts                       
00001493  lcd_sendCommand                
000014d1  lcd_sendNibble                 
0000153d  lcd_setCursorPos               
00001da1  ldexp                          
00001da1  ldexpl                         
000022e9  ltoa                           
00002289  main                           
2000086c  main_func_sp                   
00002515  memccpy                        
00001e9d  memcpy                         
000020d5  memset                         
00001da1  scalbn                         
00001da1  scalbnl                        
000024f7  strcat                         
00002561  strchr                         
00002549  strcmp                         
000025a1  strcpy                         
000025b5  strlen                         
00001b25  timer_getClock                 
00001ad9  timer_startClock               
00001a73  timer_startTimer               
00001b2b  timer_stopClock                
00001ac3  timer_stopTimer                
00001a49  timer_waitMicros               
00001a15  timer_waitMillis               
00001f39  vsnprintf                      


GLOBAL SYMBOLS: SORTED BY Symbol Address 

address   name                           
-------   ----                           
00000000  __TI_static_base__             
00000000  g_pfnVectors                   
00000800  __STACK_SIZE                   
00001077  __TI_printfi                   
0000137d  lcd_init                       
0000143d  lcd_putc                       
00001475  lcd_puts                       
00001493  lcd_sendCommand                
000014d1  lcd_sendNibble                 
00001515  lcd_gotoLine                   
0000153d  lcd_setCursorPos               
0000157b  lcd_printf                     
00001669  __aeabi_uldivmod               
0000185d  __aeabi_dsub                   
00001867  __aeabi_dadd                   
00001a13  __mpu_init                     
00001a15  timer_waitMillis               
00001a49  timer_waitMicros               
00001a73  timer_startTimer               
00001ac3  timer_stopTimer                
00001ad9  timer_startClock               
00001b25  timer_getClock                 
00001b2b  timer_stopClock                
00001b6d  __aeabi_ddiv                   
00001ca3  __aeabi_dmul                   
00001d9f  _system_post_cinit             
00001da1  ldexp                          
00001da1  ldexpl                         
00001da1  scalbn                         
00001da1  scalbnl                        
00001e9d  __aeabi_memcpy                 
00001e9d  __aeabi_memcpy4                
00001e9d  __aeabi_memcpy8                
00001e9d  memcpy                         
00001f39  vsnprintf                      
00001fc1  __aeabi_cdcmpeq                
00001fc1  __aeabi_cdcmple                
00002047  __aeabi_cdrcmple               
000020cd  __aeabi_memclr                 
000020cd  __aeabi_memclr4                
000020cd  __aeabi_memclr8                
000020cf  __aeabi_memset                 
000020cf  __aeabi_memset4                
000020cf  __aeabi_memset8                
000020d5  memset                         
00002149  __TI_auto_init                 
00002225  frexp                          
00002225  frexpl                         
00002289  main                           
000022e9  ltoa                           
00002341  _c_int00                       
00002395  C$$EXIT                        
00002399  abort                          
000023a1  exit                           
000023e9  atoi                           
00002435  copy_in                        
00002481  __aeabi_d2iz                   
000024c9  __aeabi_i2d                    
000024f7  strcat                         
00002515  memccpy                        
00002531  _args_main                     
00002549  strcmp                         
00002561  strchr                         
00002579  _register_unlock               
0000257f  _register_lock                 
00002587  _nop                           
0000258d  copysign                       
0000258d  copysignl                      
000025a1  strcpy                         
000025b5  strlen                         
000025c9  lcd_clear                      
000025d9  __TI_decompress_none           
000025e7  ResetISR                       
000025f3  __TI_decompress_rle24          
000025f9  _system_pre_init               
000025fc  _ctypes_                       
00002784  __TI_Handler_Table_Base        
0000278c  __TI_CINIT_Base                
0000278c  __TI_Handler_Table_Limit       
0000279c  __TI_CINIT_Limit               
20000000  __stack                        
20000200  __STACK_TOP                    
20000800  __STACK_END                    
20000854  __TI_cleanup_ptr               
20000858  __TI_dtors_ptr                 
2000085c  __TI_enable_exit_profile_output
20000860  _lock                          
20000864  _unlock                        
20000868  errno                          
2000086c  main_func_sp                   
ffffffff  __TI_pprof_out_hndl            
ffffffff  __TI_prof_data_size            
ffffffff  __TI_prof_data_start           
ffffffff  __binit__                      
ffffffff  __c_args__                     
ffffffff  binit                          
UNDEFED   SHT$$INIT_ARRAY$$Base          
UNDEFED   SHT$$INIT_ARRAY$$Limit         

[98 symbols]
